// Jest Snapshot v1, https://goo.gl/fbAQLP

exports[`components test should render card correctly 1`] = `
<Provider
  store={
    Object {
      "@@observable": [Function],
      "dispatch": [Function],
      "getState": [Function],
      "replaceReducer": [Function],
      "subscribe": [Function],
    }
  }
>
  <BrowserRouter>
    <Router
      history={
        Object {
          "action": "POP",
          "block": [Function],
          "createHref": [Function],
          "go": [Function],
          "goBack": [Function],
          "goForward": [Function],
          "length": 1,
          "listen": [Function],
          "location": Object {
            "hash": "",
            "pathname": "/",
            "search": "",
            "state": undefined,
          },
          "push": [Function],
          "replace": [Function],
        }
      }
    >
      <Route
        location={
          Object {
            "pathname": "/music-choco",
          }
        }
      >
        <Card
          id="60883d8e1a02ff3eac90191f"
        >
          <Link
            className="cardItem"
            to="/albums/60883d8e1a02ff3eac90191f"
          >
            <LinkAnchor
              className="cardItem"
              href="/albums/60883d8e1a02ff3eac90191f"
              navigate={[Function]}
            >
              <a
                className="cardItem"
                href="/albums/60883d8e1a02ff3eac90191f"
                onClick={[Function]}
              >
                <img
                  alt="Album Icon"
                  src="http://118.100.207.12:4000/api/album/ico/60883d8e1a02ff3eac90191f"
                />
                <h1 />
                <div />
                <p />
                <div
                  className="playAlbum"
                  onClick={[Function]}
                >
                  <svg
                    fill="currentColor"
                    viewBox="0 0 20 20"
                    xmlns="http://www.w3.org/2000/svg"
                  >
                    <path
                      clipRule="evenodd"
                      d="M10 18a8 8 0 100-16 8 8 0 000 16zM9.555 7.168A1 1 0 008 8v4a1 1 0 001.555.832l3-2a1 1 0 000-1.664l-3-2z"
                      fillRule="evenodd"
                    />
                  </svg>
                </div>
              </a>
            </LinkAnchor>
          </Link>
        </Card>
      </Route>
    </Router>
  </BrowserRouter>
</Provider>
`;

exports[`components test should render searchbar correctly 1`] = `
<Searchbar>
  <div
    className="search"
  >
    <svg
      className="icon"
      viewBox="0 0 24 24"
    >
      <path
        d="M9.5,3A6.5,6.5 0 0,1 16,9.5C16,11.11 15.41,12.59 14.44,13.73L14.71,14H15.5L20.5,19L19,20.5L14,15.5V14.71L13.73,14.44C12.59,15.41 11.11,16 9.5,16A6.5,6.5 0 0,1 3,9.5A6.5,6.5 0 0,1 9.5,3M9.5,5C7,5 5,7 5,9.5C5,12 7,14 9.5,14C12,14 14,12 14,9.5C14,7 12,5 9.5,5Z"
      />
    </svg>
    <input
      onChange={[Function]}
      type="text"
    />
  </div>
</Searchbar>
`;

exports[`components test should render slider correctly 1`] = `
<Slider
  transform={50}
>
  <div
    className="slider"
  >
    <div
      className="slider-front"
      style={
        Object {
          "transform": "translateX(50%)",
        }
      }
    />
    <input
      className="slider-back"
      onChange={[Function]}
      type="range"
    />
  </div>
</Slider>
`;
